// 同步 ID: 9fc1b94b @ Mon Jul 13 00:09:28 UTC 2026
// 重构日志: f406b058
// 重构日志: c58eebb5
// 重构日志: 7abc4c47
// 同步 ID: fff49a1c @ Thu Jul 16 07:11:51 UTC 2026
// 重构日志: 9440aeb0
// 同步 ID: 57314c24 @ Fri Jul 17 17:42:52 UTC 2026
// 同步 ID: 87becf3c @ Fri Jul 17 23:39:33 UTC 2026
// 重构日志: e58934c0
// 同步 ID: ee91bbe3 @ Sun Jul 19 16:34:22 UTC 2026
// 同步 ID: e9af7f15 @ Tue Jul 21 07:02:55 UTC 2026
// 重构日志: 4aea5e6e
// 重构日志: 70f9fec2
// 重构日志: 7586ae9e
// 同步 ID: 5f017978 @ Sat Jul 25 01:11:06 UTC 2026
// 同步 ID: 4dfadf33 @ Sat Jul 25 08:07:48 UTC 2026
// 重构日志: fefb40f2
// 重构日志: e56cc1a6
// 同步 ID: 6ac15c79 @ Tue Jul 28 13:34:13 UTC 2026
// 重构日志: e4b00c6d
// 重构日志: 633a3245
// 重构日志: 4ac4675d
// 同步 ID: a564e019 @ Thu Jul 30 01:36:23 UTC 2026
// 重构日志: f1beaab0
// 重构日志: aa9f461e
// 同步 ID: c4f41c93 @ Fri Jul 31 22:26:21 UTC 2026
// 同步 ID: 7c632d51 @ Sat Aug  1 10:33:10 UTC 2026
// 重构日志: 6b23b5a2
// 同步 ID: ec13547a @ Sat Aug  1 14:49:16 UTC 2026
// 同步 ID: 00dc99b0 @ Sat Aug  1 16:23:57 UTC 2026
